
> discover-io@0.0.0 build
> tsc -b && vite build

src/api/api.ts(186,26): error TS2345: Argument of type '(url: string, config?: AxiosRequestConfig<any> | undefined) => Promise<AxiosResponse<T, any, {}>>' is not assignable to parameter of type '(...args: unknown[]) => Promise<AxiosResponse<T, any, {}>>'.
  Types of parameters 'url' and 'args' are incompatible.
    Type 'unknown' is not assignable to type 'string'.
src/api/api.ts(191,26): error TS2345: Argument of type '(url: string, config?: AxiosRequestConfig<any> | undefined) => Promise<AxiosResponse<T, any, {}>>' is not assignable to parameter of type '(...args: unknown[]) => Promise<AxiosResponse<T, any, {}>>'.
  Types of parameters 'url' and 'args' are incompatible.
    Type 'unknown' is not assignable to type 'string'.
src/api/api.ts(200,26): error TS2345: Argument of type '(url: string, data?: any, config?: AxiosRequestConfig<any> | undefined) => Promise<AxiosResponse<T, any, {}>>' is not assignable to parameter of type '(...args: unknown[]) => Promise<AxiosResponse<T, any, {}>>'.
  Types of parameters 'url' and 'args' are incompatible.
    Type 'unknown' is not assignable to type 'string'.
src/api/api.ts(209,26): error TS2345: Argument of type '(url: string, data?: any, config?: AxiosRequestConfig<any> | undefined) => Promise<AxiosResponse<T, any, {}>>' is not assignable to parameter of type '(...args: unknown[]) => Promise<AxiosResponse<T, any, {}>>'.
  Types of parameters 'url' and 'args' are incompatible.
    Type 'unknown' is not assignable to type 'string'.
src/api/api.ts(218,26): error TS2345: Argument of type '(url: string, data?: any, config?: AxiosRequestConfig<any> | undefined) => Promise<AxiosResponse<T, any, {}>>' is not assignable to parameter of type '(...args: unknown[]) => Promise<AxiosResponse<T, any, {}>>'.
  Types of parameters 'url' and 'args' are incompatible.
    Type 'unknown' is not assignable to type 'string'.
src/context/AuthContext.tsx(10,10): error TS6133: 'ROLES' is declared but its value is never read.
